#
# There is insufficient memory for the Java Runtime Environment to continue.
# Native memory allocation (mmap) failed to map 331350016 bytes for G1 virtual space
# Possible reasons:
#   The system is out of physical RAM or swap space
#   The process is running with CompressedOops enabled, and the Java Heap may be blocking the growth of the native heap
# Possible solutions:
#   Reduce memory load on the system
#   Increase physical memory or swap space
#   Check if swap backing store is full
#   Decrease Java heap size (-Xmx/-Xms)
#   Decrease number of Java threads
#   Decrease Java thread stack sizes (-Xss)
#   Set larger code cache with -XX:ReservedCodeCacheSize=
#   JVM is running with Zero Based Compressed Oops mode in which the Java heap is
#     placed in the first 32GB address space. The Java Heap base address is the
#     maximum limit for the native heap growth. Please use -XX:HeapBaseMinAddress
#     to set the Java Heap base and to place the Java Heap above 32GB virtual address.
# This output file may be truncated or incomplete.
#
#  Out of Memory Error (os_windows.cpp:3469), pid=16844, tid=18180
#
# JRE version:  (17.0+35) (build )
# Java VM: OpenJDK 64-Bit Server VM (17+35-2724, mixed mode, sharing, tiered, compressed oops, compressed class ptrs, g1 gc, windows-amd64)
# No core dump will be written. Minidumps are not enabled by default on client versions of Windows
#

---------------  S U M M A R Y ------------

Command Line: -XX:+ShowCodeDetailsInExceptionMessages com.neoeval.backend.NeoEvalBackendApplication

Host: 11th Gen Intel(R) Core(TM) i5-1135G7 @ 2.40GHz, 8 cores, 19G,  Windows 10 , 64 bit Build 19041 (10.0.19041.3031)
Time: Sat Jun  6 14:29:08 2026 Hora est. Pacífico, Sudamérica elapsed time: 0.037734 seconds (0d 0h 0m 0s)

---------------  T H R E A D  ---------------

Current thread (0x0000027548bf7220):  JavaThread "Unknown thread" [_thread_in_vm, id=18180, stack(0x0000008865e00000,0x0000008865f00000)]

Stack: [0x0000008865e00000,0x0000008865f00000]
Native frames: (J=compiled Java code, j=interpreted, Vv=VM code, C=native code)
V  [jvm.dll+0x66f8ea]
V  [jvm.dll+0x7ce224]
V  [jvm.dll+0x7cf9ce]
V  [jvm.dll+0x7d0033]
V  [jvm.dll+0x242bb5]
V  [jvm.dll+0x66c909]
V  [jvm.dll+0x6613d2]
V  [jvm.dll+0x30082b]
V  [jvm.dll+0x307db6]
V  [jvm.dll+0x357a0e]
V  [jvm.dll+0x357c3f]
V  [jvm.dll+0x2d7ae8]
V  [jvm.dll+0x2d8a54]
V  [jvm.dll+0x7a00a1]
V  [jvm.dll+0x365781]
V  [jvm.dll+0x77f59c]
V  [jvm.dll+0x3e805f]
V  [jvm.dll+0x3e9b01]
C  [jli.dll+0x527b]
C  [ucrtbase.dll+0x21bb2]
C  [KERNEL32.DLL+0x17614]
C  [ntdll.dll+0x526f1]


---------------  P R O C E S S  ---------------

Threads class SMR info:
_java_thread_list=0x00007ffdce687818, length=0, elements={
}

Java Threads: ( => current thread )

Other Threads:
  0x0000027548c52a00 GCTaskThread "GC Thread#0" [stack: 0x0000008865f00000,0x0000008866000000] [id=14200]
  0x0000027548c5d5e0 ConcurrentGCThread "G1 Main Marker" [stack: 0x0000008866000000,0x0000008866100000] [id=19264]
  0x0000027548c5ef10 ConcurrentGCThread "G1 Conc#0" [stack: 0x0000008866100000,0x0000008866200000] [id=19428]

[error occurred during error reporting (printing all threads), id 0xc0000005, EXCEPTION_ACCESS_VIOLATION (0xc0000005) at pc=0x00007ffdcded84c7]

VM state: not at safepoint (not fully initialized)

VM Mutex/Monitor currently owned by a thread:  ([mutex/lock_event])
[0x0000027548bf1290] Heap_lock - owner thread: 0x0000027548bf7220

Heap address: 0x00000006c4c00000, size: 5044 MB, Compressed Oops mode: Zero based, Oop shift amount: 3

CDS archive(s) mapped at: [0x0000000000000000-0x0000000000000000-0x0000000000000000), size 0, SharedBaseAddress: 0x0000000800000000, ArchiveRelocationMode: 0.
Narrow klass base: 0x0000000000000000, Narrow klass shift: 0, Narrow klass range: 0x0

GC Precious Log:
<Empty>

Heap:
 garbage-first heap   total 0K, used 0K [0x00000006c4c00000, 0x0000000800000000)
  region size 4096K, 0 young (0K), 0 survivors (0K)

[error occurred during error reporting (printing heap information), id 0xc0000005, EXCEPTION_ACCESS_VIOLATION (0xc0000005) at pc=0x00007ffdce2b8c59]

GC Heap History (0 events):
No events

Deoptimization events (0 events):
No events

Classes unloaded (0 events):
No events

Classes redefined (0 events):
No events

Internal exceptions (0 events):
No events

VM Operations (0 events):
No events

Events (1 events):
Event: 0.009 Loaded shared library C:\workspace\jdk-17\bin\java.dll


Dynamic libraries:
0x00007ff7462a0000 - 0x00007ff7462ae000 	C:\workspace\jdk-17\bin\java.exe
0x00007ffe45e90000 - 0x00007ffe46088000 	C:\Windows\SYSTEM32\ntdll.dll
0x00007ffe43f30000 - 0x00007ffe43fef000 	C:\Windows\System32\KERNEL32.DLL
0x00007ffe43800000 - 0x00007ffe43af6000 	C:\Windows\System32\KERNELBASE.dll
0x00007ffe435b0000 - 0x00007ffe436b0000 	C:\Windows\System32\ucrtbase.dll
0x00007ffdce830000 - 0x00007ffdce84a000 	C:\workspace\jdk-17\bin\VCRUNTIME140.dll
0x00007ffe0dcf0000 - 0x00007ffe0dd08000 	C:\workspace\jdk-17\bin\jli.dll
0x00007ffe45590000 - 0x00007ffe4572d000 	C:\Windows\System32\USER32.dll
0x00007ffe2be70000 - 0x00007ffe2c10a000 	C:\Windows\WinSxS\amd64_microsoft.windows.common-controls_6595b64144ccf1df_6.0.19041.1110_none_60b5254171f9507e\COMCTL32.dll
0x00007ffe43f00000 - 0x00007ffe43f22000 	C:\Windows\System32\win32u.dll
0x00007ffe453c0000 - 0x00007ffe4545e000 	C:\Windows\System32\msvcrt.dll
0x00007ffe44810000 - 0x00007ffe4483c000 	C:\Windows\System32\GDI32.dll
0x00007ffe43d90000 - 0x00007ffe43ea5000 	C:\Windows\System32\gdi32full.dll
0x00007ffe436b0000 - 0x00007ffe4374d000 	C:\Windows\System32\msvcp_win.dll
0x00007ffe43ff0000 - 0x00007ffe44020000 	C:\Windows\System32\IMM32.DLL
0x00007ffdce820000 - 0x00007ffdce82c000 	C:\workspace\jdk-17\bin\vcruntime140_1.dll
0x00007ffdd2f70000 - 0x00007ffdd2ffd000 	C:\workspace\jdk-17\bin\msvcp140.dll
0x00007ffdcdbf0000 - 0x00007ffdce7ae000 	C:\workspace\jdk-17\bin\server\jvm.dll
0x00007ffe44620000 - 0x00007ffe446cf000 	C:\Windows\System32\ADVAPI32.dll
0x00007ffe44580000 - 0x00007ffe4461c000 	C:\Windows\System32\sechost.dll
0x00007ffe45460000 - 0x00007ffe45586000 	C:\Windows\System32\RPCRT4.dll
0x00007ffe44510000 - 0x00007ffe44518000 	C:\Windows\System32\PSAPI.DLL
0x00007ffe2ae20000 - 0x00007ffe2ae29000 	C:\Windows\SYSTEM32\WSOCK32.dll
0x00007ffe446d0000 - 0x00007ffe4473b000 	C:\Windows\System32\WS2_32.dll
0x00007ffe392b0000 - 0x00007ffe392d7000 	C:\Windows\SYSTEM32\WINMM.dll
0x00007ffe39c40000 - 0x00007ffe39c4a000 	C:\Windows\SYSTEM32\VERSION.dll
0x00007ffe41df0000 - 0x00007ffe41e02000 	C:\Windows\SYSTEM32\kernel.appcore.dll
0x00007ffdce810000 - 0x00007ffdce81a000 	C:\workspace\jdk-17\bin\jimage.dll
0x00007ffe41230000 - 0x00007ffe41414000 	C:\Windows\SYSTEM32\DBGHELP.DLL
0x00007ffe26c50000 - 0x00007ffe26c84000 	C:\Windows\SYSTEM32\dbgcore.DLL
0x00007ffe43b00000 - 0x00007ffe43b82000 	C:\Windows\System32\bcryptPrimitives.dll
0x00007ffdcdb80000 - 0x00007ffdcdba5000 	C:\workspace\jdk-17\bin\java.dll

dbghelp: loaded successfully - version: 4.0.5 - missing functions: none
symbol engine: initialized successfully - sym options: 0x614 - pdb path: .;C:\workspace\jdk-17\bin;C:\Windows\SYSTEM32;C:\Windows\WinSxS\amd64_microsoft.windows.common-controls_6595b64144ccf1df_6.0.19041.1110_none_60b5254171f9507e;C:\workspace\jdk-17\bin\server

VM Arguments:
jvm_args: -XX:+ShowCodeDetailsInExceptionMessages 
java_command: com.neoeval.backend.NeoEvalBackendApplication
java_class_path (initial): D:\DESARROLLOS DE SOFTWARE\NEOEVAL\NeoEvalBackend\target\classes;C:\Users\EDILSON\.m2\repository\org\springframework\boot\spring-boot-starter-data-jpa\3.3.1\spring-boot-starter-data-jpa-3.3.1.jar;C:\Users\EDILSON\.m2\repository\org\springframework\boot\spring-boot-starter-aop\3.3.1\spring-boot-starter-aop-3.3.1.jar;C:\Users\EDILSON\.m2\repository\org\aspectj\aspectjweaver\1.9.22\aspectjweaver-1.9.22.jar;C:\Users\EDILSON\.m2\repository\org\springframework\boot\spring-boot-starter-jdbc\3.3.1\spring-boot-starter-jdbc-3.3.1.jar;C:\Users\EDILSON\.m2\repository\com\zaxxer\HikariCP\5.1.0\HikariCP-5.1.0.jar;C:\Users\EDILSON\.m2\repository\org\springframework\spring-jdbc\6.1.10\spring-jdbc-6.1.10.jar;C:\Users\EDILSON\.m2\repository\org\hibernate\orm\hibernate-core\6.5.2.Final\hibernate-core-6.5.2.Final.jar;C:\Users\EDILSON\.m2\repository\jakarta\persistence\jakarta.persistence-api\3.1.0\jakarta.persistence-api-3.1.0.jar;C:\Users\EDILSON\.m2\repository\jakarta\transaction\jakarta.transaction-api\2.0.1\jakarta.transaction-api-2.0.1.jar;C:\Users\EDILSON\.m2\repository\org\jboss\logging\jboss-logging\3.5.3.Final\jboss-logging-3.5.3.Final.jar;C:\Users\EDILSON\.m2\repository\org\hibernate\common\hibernate-commons-annotations\6.0.6.Final\hibernate-commons-annotations-6.0.6.Final.jar;C:\Users\EDILSON\.m2\repository\io\smallrye\jandex\3.1.2\jandex-3.1.2.jar;C:\Users\EDILSON\.m2\repository\com\fasterxml\classmate\1.7.0\classmate-1.7.0.jar;C:\Users\EDILSON\.m2\repository\net\bytebuddy\byte-buddy\1.14.17\byte-buddy-1.14.17.jar;C:\Users\EDILSON\.m2\repository\org\glassfish\jaxb\jaxb-runtime\4.0.5\jaxb-runtime-4.0.5.jar;C:\Users\EDILSON\.m2\repository\org\glassfish\jaxb\jaxb-core\4.0.5\jaxb-core-4.0.5.jar;C:\Users\EDILSON\.m2\repository\org\eclipse\angus\angus-activation\2.0.2\angus-activation-2.0.2.jar;C:\Users\EDILSON\.m2\repository\org\glassfish\jaxb\txw2\4.0.5\txw2-4.0.5.jar;C:\Users\EDILSON\.m2\repository\com\sun\istack\istack-commons-runtime\4.1.2\istack
Launcher Type: SUN_STANDARD

[Global flags]
     intx CICompilerCount                          = 4                                         {product} {ergonomic}
     uint ConcGCThreads                            = 2                                         {product} {ergonomic}
     uint G1ConcRefinementThreads                  = 8                                         {product} {ergonomic}
   size_t G1HeapRegionSize                         = 4194304                                   {product} {ergonomic}
    uintx GCDrainStackTargetSize                   = 64                                        {product} {ergonomic}
   size_t InitialHeapSize                          = 331350016                                 {product} {ergonomic}
   size_t MarkStackSize                            = 4194304                                   {product} {ergonomic}
   size_t MaxHeapSize                              = 5289017344                                {product} {ergonomic}
   size_t MinHeapDeltaBytes                        = 4194304                                   {product} {ergonomic}
   size_t MinHeapSize                              = 8388608                                   {product} {ergonomic}
    uintx NonNMethodCodeHeapSize                   = 5839372                                {pd product} {ergonomic}
    uintx NonProfiledCodeHeapSize                  = 122909434                              {pd product} {ergonomic}
    uintx ProfiledCodeHeapSize                     = 122909434                              {pd product} {ergonomic}
    uintx ReservedCodeCacheSize                    = 251658240                              {pd product} {ergonomic}
     bool SegmentedCodeCache                       = true                                      {product} {ergonomic}
     bool ShowCodeDetailsInExceptionMessages       = true                                   {manageable} {command line}
   size_t SoftMaxHeapSize                          = 5289017344                             {manageable} {ergonomic}
     bool UseCompressedClassPointers               = true                           {product lp64_product} {ergonomic}
     bool UseCompressedOops                        = true                           {product lp64_product} {ergonomic}
     bool UseG1GC                                  = true                                      {product} {ergonomic}
     bool UseLargePagesIndividualAllocation        = false                                  {pd product} {ergonomic}

Logging:
Log output configuration:
 #0: stdout all=warning uptime,level,tags
 #1: stderr all=off uptime,level,tags

Environment Variables:
JAVA_HOME=C:\workspace\jdk-17
PATH=C:\Windows\system32;C:\Windows;C:\Windows\System32\Wbem;C:\Windows\System32\WindowsPowerShell\v1.0\;C:\Windows\System32\OpenSSH\;C:\Program Files\Git\cmd;%MAVEN_HOME%\bin;C:\workspace\apache-maven-3.9.7\bin;C:\workspace\jdk-17\bin;C:\Program Files (x86)\Microsoft SQL Server\160\DTS\Binn\;C:\Program Files (x86)\Microsoft SQL Server\160\Tools\Binn\;C:\Program Files\Microsoft SQL Server\160\Tools\Binn\;C:\Program Files\Microsoft SQL Server\Client SDK\ODBC\170\Tools\Binn\;C:\Program Files\Microsoft SQL Server\160\DTS\Binn\;C:\Program Files\Microsoft SQL Server\150\Tools\Binn\;C:\Program Files\dotnet\;C:\Program Files\MySQL\MySQL Server 8.0\bin;C:\Users\EDILSON\AppData\Roaming\nvm;C:\Program Files\nodejs;C:\Program Files\nodejs\;C:\ngrok;C:\Users\EDILSON\AppData\Local\Microsoft\WindowsApps;C:\Users\EDILSON\AppData\Local\Programs\Microsoft VS Code\bin;C:\Program Files\MongoDB\Server\7.0\bin;C:\Program Files\JetBrains\IntelliJ IDEA 2024.1.1\bin;C:\src\flutter\bin;C:\Users\EDILSON\.dotnet\tools;C:\Users\EDILSON\AppData\Roaming\nvm;C:\Program Files\nodejs;C:\Users\EDILSON\AppData\Roaming\npm;C:\Users\EDILSON\AppData\Local\spicetify;C:\Users\EDILSON\AppData\Local\Android\Sdk\platform-tools;C:\Users\EDILSON\AppData\Local\Android\Sdk\tools;C:\Users\EDILSON\AppData\Local\Android\Sdk\cmdline-tools\latest\bin;C:\Users\EDILSON\AppData\Local\GitHubDesktop\bin;C:\Users\EDILSON\AppData\Local\Programs\Antigravity\bin;C:\Users\EDILSON\AppData\Local\Programs\Antigravity IDE\bin;c:\Users\EDILSON\.antigravity-ide\extensions\vscjava.vscode-java-debug-0.59.0-universal\bundled\scripts\noConfigScripts
USERNAME=EDILSON
LANG=en_US.UTF-8
OS=Windows_NT
PROCESSOR_IDENTIFIER=Intel64 Family 6 Model 140 Stepping 1, GenuineIntel



---------------  S Y S T E M  ---------------

OS:
 Windows 10 , 64 bit Build 19041 (10.0.19041.3031)
OS uptime: 0 days 0:55 hours

CPU: total 8 (initial active 8) (4 cores per cpu, 2 threads per core) family 6 model 140 stepping 1 microcode 0x86, cx8, cmov, fxsr, ht, mmx, 3dnowpref, sse, sse2, sse3, ssse3, sse4.1, sse4.2, popcnt, lzcnt, tsc, tscinvbit, avx, avx2, aes, erms, clmul, bmi1, bmi2, adx, avx512f, avx512dq, avx512cd, avx512bw, avx512vl, sha, fma, vzeroupper, avx512_vpopcntdq, avx512_vpclmulqdq, avx512_vaes, avx512_vnni, clflush, clflushopt, clwb, avx512_vbmi2, avx512_vbmi

Memory: 4k page, system-wide physical 20174M (731M free)
TotalPageFile size 30395M (AvailPageFile size 289M)
current process WorkingSet (physical memory assigned to process): 10M, peak: 10M
current process commit charge ("private bytes"): 60M, peak: 375M

vm_info: OpenJDK 64-Bit Server VM (17+35-2724) for windows-amd64 JRE (17+35-2724), built on Aug  5 2021 23:26:02 by "mach5one" with MS VC++ 16.8 (VS2019)

END.
