#
# There is insufficient memory for the Java Runtime Environment to continue.
# Native memory allocation (mmap) failed to map 130023424 bytes. Error detail: G1 virtual space
# Possible reasons:
#   The system is out of physical RAM or swap space
#   This process is running with CompressedOops enabled, and the Java Heap may be blocking the growth of the native heap
# Possible solutions:
#   Reduce memory load on the system
#   Increase physical memory or swap space
#   Check if swap backing store is full
#   Decrease Java heap size (-Xmx/-Xms)
#   Decrease number of Java threads
#   Decrease Java thread stack sizes (-Xss)
#   Set larger code cache with -XX:ReservedCodeCacheSize=
#   JVM is running with Unscaled Compressed Oops mode in which the Java heap is
#     placed in the first 4GB address space. The Java Heap base address is the
#     maximum limit for the native heap growth. Please use -XX:HeapBaseMinAddress
#     to set the Java Heap base and to place the Java Heap above 4GB virtual address.
# This output file may be truncated or incomplete.
#
#  Out of Memory Error (os_windows.cpp:3618), pid=30884, tid=32216
#
# JRE version:  (17.0.15+6) (build )
# Java VM: OpenJDK 64-Bit Server VM (17.0.15+6-LTS, mixed mode, emulated-client, sharing, tiered, compressed oops, compressed class ptrs, g1 gc, windows-amd64)
# No core dump will be written. Minidumps are not enabled by default on client versions of Windows
#

---------------  S U M M A R Y ------------

Command Line: -XX:TieredStopAtLevel=1 -Dspring.output.ansi.enabled=always -Dcom.sun.management.jmxremote -Dspring.jmx.enabled=true -Dspring.liveBeansView.mbeanDomain -Dspring.application.admin.enabled=true -Dmanagement.endpoints.jmx.exposure.include=* -javaagent:C:\Program Files\JetBrains\IntelliJ IDEA 2024.1.1\lib\idea_rt.jar=51072:C:\Program Files\JetBrains\IntelliJ IDEA 2024.1.1\bin -Dfile.encoding=UTF-8 com.neoeval.backend.NeoEvalBackendApplication

Host: 11th Gen Intel(R) Core(TM) i5-1135G7 @ 2.40GHz, 8 cores, 7G,  Windows 10 , 64 bit Build 19041 (10.0.19041.3031)
Time: Thu Jul 31 12:49:07 2025 Hora est. Pacífico, Sudamérica elapsed time: 0.010950 seconds (0d 0h 0m 0s)

---------------  T H R E A D  ---------------

Current thread (0x000001f88b3cc8b0):  JavaThread "Unknown thread" [_thread_in_vm, id=32216, stack(0x000000ebfbb00000,0x000000ebfbc00000)]

Stack: [0x000000ebfbb00000,0x000000ebfbc00000]
Native frames: (J=compiled Java code, j=interpreted, Vv=VM code, C=native code)
V  [jvm.dll+0x681149]
V  [jvm.dll+0x838b5a]
V  [jvm.dll+0x83a61e]
V  [jvm.dll+0x83ac83]
V  [jvm.dll+0x24837f]
V  [jvm.dll+0x67de79]
V  [jvm.dll+0x67294a]
V  [jvm.dll+0x30836b]
V  [jvm.dll+0x30f856]
V  [jvm.dll+0x35fbce]
V  [jvm.dll+0x35fe0f]
V  [jvm.dll+0x2df31c]
V  [jvm.dll+0x2e0274]
V  [jvm.dll+0x80a34b]
V  [jvm.dll+0x36d941]
V  [jvm.dll+0x7e8dd5]
V  [jvm.dll+0x3f164e]
V  [jvm.dll+0x3f31d1]
C  [jli.dll+0x52ab]
C  [ucrtbase.dll+0x21bb2]
C  [KERNEL32.DLL+0x17614]
C  [ntdll.dll+0x526f1]


---------------  P R O C E S S  ---------------

Threads class SMR info:
_java_thread_list=0x00007ffef27c8f18, length=0, elements={
}

Java Threads: ( => current thread )

Other Threads:
  0x000001f88b4208f0 GCTaskThread "GC Thread#0" [stack: 0x000000ebfbc00000,0x000000ebfbd00000] [id=14172]
  0x000001f88b430700 ConcurrentGCThread "G1 Main Marker" [stack: 0x000000ebfbd00000,0x000000ebfbe00000] [id=19908]
  0x000001f88b4317d0 ConcurrentGCThread "G1 Conc#0" [stack: 0x000000ebfbe00000,0x000000ebfbf00000] [id=28712]

[error occurred during error reporting (printing all threads), id 0xc0000005, EXCEPTION_ACCESS_VIOLATION (0xc0000005) at pc=0x00007ffef1f7fa57]

VM state: not at safepoint (not fully initialized)

VM Mutex/Monitor currently owned by a thread:  ([mutex/lock_event])
[0x000001f88b3c8570] Heap_lock - owner thread: 0x000001f88b3cc8b0

Heap address: 0x0000000084c00000, size: 1972 MB, Compressed Oops mode: 32-bit

CDS archive(s) mapped at: [0x0000000000000000-0x0000000000000000-0x0000000000000000), size 0, SharedBaseAddress: 0x0000000800000000, ArchiveRelocationMode: 1.
Narrow klass base: 0x0000000000000000, Narrow klass shift: 0, Narrow klass range: 0x0

GC Precious Log:
<Empty>

Heap:
 garbage-first heap   total 0K, used 0K [0x0000000084c00000, 0x0000000100000000)
  region size 1024K, 0 young (0K), 0 survivors (0K)

[error occurred during error reporting (printing heap information), id 0xc0000005, EXCEPTION_ACCESS_VIOLATION (0xc0000005) at pc=0x00007ffef236a2f9]

GC Heap History (0 events):
No events

Dll operation events (1 events):
Event: 0.008 Loaded shared library C:\Users\EDILSON\.jdks\corretto-17.0.15\bin\java.dll

Deoptimization events (0 events):
No events

Classes loaded (0 events):
No events

Classes unloaded (0 events):
No events

Classes redefined (0 events):
No events

Internal exceptions (0 events):
No events

VM Operations (0 events):
No events

Memory protections (0 events):
No events

Nmethod flushes (0 events):
No events

Events (0 events):
No events


Dynamic libraries:
0x00007ff6f3010000 - 0x00007ff6f301e000 	C:\Users\EDILSON\.jdks\corretto-17.0.15\bin\java.exe
0x00007fff47690000 - 0x00007fff47888000 	C:\Windows\SYSTEM32\ntdll.dll
0x00007fff47360000 - 0x00007fff4741f000 	C:\Windows\System32\KERNEL32.DLL
0x00007fff45290000 - 0x00007fff45586000 	C:\Windows\System32\KERNELBASE.dll
0x00007fff45160000 - 0x00007fff45260000 	C:\Windows\System32\ucrtbase.dll
0x00007fff1fe20000 - 0x00007fff1fe37000 	C:\Users\EDILSON\.jdks\corretto-17.0.15\bin\jli.dll
0x00007fff1f370000 - 0x00007fff1f38b000 	C:\Users\EDILSON\.jdks\corretto-17.0.15\bin\VCRUNTIME140.dll
0x00007fff474f0000 - 0x00007fff4768d000 	C:\Windows\System32\USER32.dll
0x00007fff45260000 - 0x00007fff45282000 	C:\Windows\System32\win32u.dll
0x00007fff300e0000 - 0x00007fff3037a000 	C:\Windows\WinSxS\amd64_microsoft.windows.common-controls_6595b64144ccf1df_6.0.19041.1110_none_60b5254171f9507e\COMCTL32.dll
0x00007fff45e60000 - 0x00007fff45e8c000 	C:\Windows\System32\GDI32.dll
0x00007fff46540000 - 0x00007fff465de000 	C:\Windows\System32\msvcrt.dll
0x00007fff44f40000 - 0x00007fff45055000 	C:\Windows\System32\gdi32full.dll
0x00007fff45620000 - 0x00007fff456bd000 	C:\Windows\System32\msvcp_win.dll
0x00007fff47330000 - 0x00007fff47360000 	C:\Windows\System32\IMM32.DLL
0x0000000058a80000 - 0x0000000058a8c000 	C:\Program Files (x86)\360\Total Security\safemon\SafeWrapper.dll
0x00007fff460a0000 - 0x00007fff4614f000 	C:\Windows\System32\ADVAPI32.dll
0x00007fff46150000 - 0x00007fff461ec000 	C:\Windows\System32\sechost.dll
0x00007fff45740000 - 0x00007fff45866000 	C:\Windows\System32\RPCRT4.dll
0x00007fff20170000 - 0x00007fff2021c000 	C:\Program Files (x86)\360\Total Security\safemon\libzdtp64.dll
0x00007fff465e0000 - 0x00007fff46d24000 	C:\Windows\System32\SHELL32.dll
0x00007fff462c0000 - 0x00007fff46315000 	C:\Windows\System32\SHLWAPI.dll
0x00007fff44950000 - 0x00007fff4495a000 	C:\Windows\SYSTEM32\VERSION.dll
0x00007fff25370000 - 0x00007fff2537c000 	C:\Users\EDILSON\.jdks\corretto-17.0.15\bin\vcruntime140_1.dll
0x00007fff0a3c0000 - 0x00007fff0a44d000 	C:\Users\EDILSON\.jdks\corretto-17.0.15\bin\msvcp140.dll
0x00007ffef1c90000 - 0x00007ffef28fc000 	C:\Users\EDILSON\.jdks\corretto-17.0.15\bin\server\jvm.dll
0x00007fff472c0000 - 0x00007fff4732b000 	C:\Windows\System32\WS2_32.dll
0x00007fff44300000 - 0x00007fff4434b000 	C:\Windows\SYSTEM32\POWRPROF.dll
0x00007fff39240000 - 0x00007fff39267000 	C:\Windows\SYSTEM32\WINMM.dll
0x00007fff44170000 - 0x00007fff44182000 	C:\Windows\SYSTEM32\UMPDC.dll
0x00007fff42c40000 - 0x00007fff42c52000 	C:\Windows\SYSTEM32\kernel.appcore.dll
0x00007fff25250000 - 0x00007fff2525a000 	C:\Users\EDILSON\.jdks\corretto-17.0.15\bin\jimage.dll
0x00007fff424b0000 - 0x00007fff42694000 	C:\Windows\SYSTEM32\DBGHELP.DLL
0x00007fff2bc60000 - 0x00007fff2bc94000 	C:\Windows\SYSTEM32\dbgcore.DLL
0x00007fff45590000 - 0x00007fff45612000 	C:\Windows\System32\bcryptPrimitives.dll
0x00007fff242e0000 - 0x00007fff242ee000 	C:\Users\EDILSON\.jdks\corretto-17.0.15\bin\instrument.dll
0x00007fff0d3f0000 - 0x00007fff0d415000 	C:\Users\EDILSON\.jdks\corretto-17.0.15\bin\java.dll

dbghelp: loaded successfully - version: 4.0.5 - missing functions: none
symbol engine: initialized successfully - sym options: 0x614 - pdb path: .;C:\Users\EDILSON\.jdks\corretto-17.0.15\bin;C:\Windows\SYSTEM32;C:\Windows\WinSxS\amd64_microsoft.windows.common-controls_6595b64144ccf1df_6.0.19041.1110_none_60b5254171f9507e;C:\Program Files (x86)\360\Total Security\safemon;C:\Users\EDILSON\.jdks\corretto-17.0.15\bin\server

VM Arguments:
jvm_args: -XX:TieredStopAtLevel=1 -Dspring.output.ansi.enabled=always -Dcom.sun.management.jmxremote -Dspring.jmx.enabled=true -Dspring.liveBeansView.mbeanDomain -Dspring.application.admin.enabled=true -Dmanagement.endpoints.jmx.exposure.include=* -javaagent:C:\Program Files\JetBrains\IntelliJ IDEA 2024.1.1\lib\idea_rt.jar=51072:C:\Program Files\JetBrains\IntelliJ IDEA 2024.1.1\bin -Dfile.encoding=UTF-8 
java_command: com.neoeval.backend.NeoEvalBackendApplication
java_class_path (initial): D:\DESARROLLOS DE SOFTWARE\NEOEVAL\NeoEvalBackend\target\classes;C:\Users\EDILSON\.m2\repository\org\springframework\boot\spring-boot-starter-data-jpa\3.3.1\spring-boot-starter-data-jpa-3.3.1.jar;C:\Users\EDILSON\.m2\repository\org\springframework\boot\spring-boot-starter-aop\3.3.1\spring-boot-starter-aop-3.3.1.jar;C:\Users\EDILSON\.m2\repository\org\aspectj\aspectjweaver\1.9.22\aspectjweaver-1.9.22.jar;C:\Users\EDILSON\.m2\repository\org\springframework\boot\spring-boot-starter-jdbc\3.3.1\spring-boot-starter-jdbc-3.3.1.jar;C:\Users\EDILSON\.m2\repository\com\zaxxer\HikariCP\5.1.0\HikariCP-5.1.0.jar;C:\Users\EDILSON\.m2\repository\org\springframework\spring-jdbc\6.1.10\spring-jdbc-6.1.10.jar;C:\Users\EDILSON\.m2\repository\org\hibernate\orm\hibernate-core\6.5.2.Final\hibernate-core-6.5.2.Final.jar;C:\Users\EDILSON\.m2\repository\jakarta\persistence\jakarta.persistence-api\3.1.0\jakarta.persistence-api-3.1.0.jar;C:\Users\EDILSON\.m2\repository\jakarta\transaction\jakarta.transaction-api\2.0.1\jakarta.transaction-api-2.0.1.jar;C:\Users\EDILSON\.m2\repository\org\jboss\logging\jboss-logging\3.5.3.Final\jboss-logging-3.5.3.Final.jar;C:\Users\EDILSON\.m2\repository\org\hibernate\common\hibernate-commons-annotations\6.0.6.Final\hibernate-commons-annotations-6.0.6.Final.jar;C:\Users\EDILSON\.m2\repository\io\smallrye\jandex\3.1.2\jandex-3.1.2.jar;C:\Users\EDILSON\.m2\repository\com\fasterxml\classmate\1.7.0\classmate-1.7.0.jar;C:\Users\EDILSON\.m2\repository\net\bytebuddy\byte-buddy\1.14.17\byte-buddy-1.14.17.jar;C:\Users\EDILSON\.m2\repository\org\glassfish\jaxb\jaxb-runtime\4.0.5\jaxb-runtime-4.0.5.jar;C:\Users\EDILSON\.m2\repository\org\glassfish\jaxb\jaxb-core\4.0.5\jaxb-core-4.0.5.jar;C:\Users\EDILSON\.m2\repository\org\eclipse\angus\angus-activation\2.0.2\angus-activation-2.0.2.jar;C:\Users\EDILSON\.m2\repository\org\glassfish\jaxb\txw2\4.0.5\txw2-4.0.5.jar;C:\Users\EDILSON\.m2\repository\com\sun\istack\istack-commons-runtime\4.1.2\istack
Launcher Type: SUN_STANDARD

[Global flags]
     intx CICompilerCount                          = 4                                         {product} {ergonomic}
     uint ConcGCThreads                            = 2                                         {product} {ergonomic}
     uint G1ConcRefinementThreads                  = 8                                         {product} {ergonomic}
   size_t G1HeapRegionSize                         = 1048576                                   {product} {ergonomic}
    uintx GCDrainStackTargetSize                   = 64                                        {product} {ergonomic}
   size_t InitialHeapSize                          = 130023424                                 {product} {ergonomic}
     bool ManagementServer                         = true                                      {product} {command line}
   size_t MarkStackSize                            = 4194304                                   {product} {ergonomic}
   size_t MaxHeapSize                              = 2067791872                                {product} {ergonomic}
   size_t MinHeapDeltaBytes                        = 1048576                                   {product} {ergonomic}
   size_t MinHeapSize                              = 8388608                                   {product} {ergonomic}
    uintx NonProfiledCodeHeapSize                  = 0                                      {pd product} {ergonomic}
     bool ProfileInterpreter                       = false                                  {pd product} {command line}
    uintx ProfiledCodeHeapSize                     = 0                                      {pd product} {ergonomic}
   size_t SoftMaxHeapSize                          = 2067791872                             {manageable} {ergonomic}
     intx TieredStopAtLevel                        = 1                                         {product} {command line}
     bool UseCompressedClassPointers               = true                           {product lp64_product} {ergonomic}
     bool UseCompressedOops                        = true                           {product lp64_product} {ergonomic}
     bool UseG1GC                                  = true                                      {product} {ergonomic}
     bool UseLargePagesIndividualAllocation        = false                                  {pd product} {ergonomic}

Logging:
Log output configuration:
 #0: stdout all=warning uptime,level,tags
 #1: stderr all=off uptime,level,tags

Environment Variables:
JAVA_HOME=C:\workspace\jdk-17
PATH=C:\Windows\system32;C:\Windows;C:\Windows\System32\Wbem;C:\Windows\System32\WindowsPowerShell\v1.0\;C:\Windows\System32\OpenSSH\;C:\Program Files\Git\cmd;%MAVEN_HOME%\bin;C:\workspace\apache-maven-3.9.7\bin;C:\workspace\jdk-17\bin;C:\Program Files (x86)\Microsoft SQL Server\160\DTS\Binn\;C:\Program Files (x86)\Microsoft SQL Server\160\Tools\Binn\;C:\Program Files\Microsoft SQL Server\160\Tools\Binn\;C:\Program Files\Microsoft SQL Server\Client SDK\ODBC\170\Tools\Binn\;C:\Program Files\Microsoft SQL Server\160\DTS\Binn\;C:\Program Files\Microsoft SQL Server\150\Tools\Binn\;C:\Program Files\dotnet\;C:\Program Files\MySQL\MySQL Server 8.0\bin;C:\Users\EDILSON\AppData\Roaming\nvm;C:\Program Files\nodejs;C:\Program Files\nodejs\;C:\ngrok;C:\Users\EDILSON\AppData\Local\Microsoft\WindowsApps;C:\Users\EDILSON\AppData\Local\Programs\Microsoft VS Code\bin;C:\Program Files\MongoDB\Server\7.0\bin;C:\Program Files\JetBrains\IntelliJ IDEA 2024.1.1\bin;;C:\src\flutter\bin;C:\Users\EDILSON\.dotnet\tools;C:\Users\EDILSON\AppData\Roaming\nvm;C:\Program Files\nodejs;C:\Users\EDILSON\AppData\Roaming\npm
USERNAME=EDILSON
OS=Windows_NT
PROCESSOR_IDENTIFIER=Intel64 Family 6 Model 140 Stepping 1, GenuineIntel
TMP=C:\Users\EDILSON\AppData\Local\Temp
TEMP=C:\Users\EDILSON\AppData\Local\Temp



Periodic native trim disabled


---------------  S Y S T E M  ---------------

OS:
 Windows 10 , 64 bit Build 19041 (10.0.19041.3031)
OS uptime: 9 days 0:10 hours

CPU: total 8 (initial active 8) (4 cores per cpu, 2 threads per core) family 6 model 140 stepping 1 microcode 0x86, cx8, cmov, fxsr, ht, mmx, 3dnowpref, sse, sse2, sse3, ssse3, sse4.1, sse4.2, popcnt, lzcnt, tsc, tscinvbit, avx, avx2, aes, erms, clmul, bmi1, bmi2, adx, avx512f, avx512dq, avx512cd, avx512bw, avx512vl, sha, fma, vzeroupper, avx512_vpopcntdq, avx512_vpclmulqdq, avx512_vaes, avx512_vnni, clflush, clflushopt, clwb, avx512_vbmi2, avx512_vbmi
Processor Information for all 8 processors :
  Max Mhz: 2419, Current Mhz: 2419, Mhz Limit: 2419

Memory: 4k page, system-wide physical 7886M (575M free)
TotalPageFile size 18126M (AvailPageFile size 33M)
current process WorkingSet (physical memory assigned to process): 11M, peak: 11M
current process commit charge ("private bytes"): 56M, peak: 179M

vm_info: OpenJDK 64-Bit Server VM (17.0.15+6-LTS) for windows-amd64 JRE (17.0.15+6-LTS), built on Apr  9 2025 23:33:55 by "Administrator" with MS VC++ 16.10 / 16.11 (VS2019)

END.
